Microsoft Windows [版本 10.0.26200.8655]
(c) Microsoft Corporation。保留所有权利。

D:\ClaudeWorkspace\Code\ClawGO>